C:\Users\babso\Desktop\OTB_Pipeline\scripts\sync_tiktok_analytics.py:26: DeprecationWarning: datetime.datetime.utcnow() is deprecated and scheduled for removal in a future version. Use timezone-aware objects to represent datetimes in UTC: datetime.datetime.now(datetime.UTC).
  print(f"[{datetime.utcnow():%H:%M:%S}] [TikTokAnalytics] {msg}")
[17:50:14] [TikTokAnalytics] === TikTok analytics sync starting ===
[17:50:15] [TikTokAnalytics] 401 Unauthorized — TikTok token expired or missing video.list scope
[17:50:15] [TikTokAnalytics] Fix: re-authorise in TikTok developer portal to add video.list scope
[17:50:15] [TikTokAnalytics] No video data returned — nothing to sync
[17:50:15] [TikTokAnalytics] === Done ===
C:\Users\babso\Desktop\OTB_Pipeline\scripts\sync_tiktok_analytics.py:26: DeprecationWarning: datetime.datetime.utcnow() is deprecated and scheduled for removal in a future version. Use timezone-aware objects to represent datetimes in UTC: datetime.datetime.now(datetime.UTC).
  print(f"[{datetime.utcnow():%H:%M:%S}] [TikTokAnalytics] {msg}")
[08:08:03] [TikTokAnalytics] === TikTok analytics sync starting ===
[08:08:03] [TikTokAnalytics] Request failed: HTTPSConnectionPool(host='open.tiktokapis.com', port=443): Max retries exceeded with url: /v2/video/list/ (Caused by NameResolutionError("HTTPSConnection(host='open.tiktokapis.com', port=443): Failed to resolve 'open.tiktokapis.com' ([Errno 11001] getaddrinfo failed)"))
[08:08:03] [TikTokAnalytics] No video data returned — nothing to sync
[08:08:03] [TikTokAnalytics] === Done ===
C:\Users\babso\Desktop\OTB_Pipeline\scripts\sync_tiktok_analytics.py:26: DeprecationWarning: datetime.datetime.utcnow() is deprecated and scheduled for removal in a future version. Use timezone-aware objects to represent datetimes in UTC: datetime.datetime.now(datetime.UTC).
  print(f"[{datetime.utcnow():%H:%M:%S}] [TikTokAnalytics] {msg}")
[19:34:50] [TikTokAnalytics] === TikTok analytics sync starting ===
[19:34:52] [TikTokAnalytics] 401 Unauthorized — TikTok token expired or missing video.list scope
[19:34:52] [TikTokAnalytics] Fix: re-authorise in TikTok developer portal to add video.list scope
[19:34:52] [TikTokAnalytics] No video data returned — nothing to sync
[19:34:52] [TikTokAnalytics] === Done ===
C:\Users\babso\Desktop\OTB_Pipeline\scripts\sync_tiktok_analytics.py:26: DeprecationWarning: datetime.datetime.utcnow() is deprecated and scheduled for removal in a future version. Use timezone-aware objects to represent datetimes in UTC: datetime.datetime.now(datetime.UTC).
  print(f"[{datetime.utcnow():%H:%M:%S}] [TikTokAnalytics] {msg}")
[08:00:02] [TikTokAnalytics] === TikTok analytics sync starting ===
[08:00:03] [TikTokAnalytics] 401 Unauthorized — TikTok token expired or missing video.list scope
[08:00:03] [TikTokAnalytics] Fix: re-authorise in TikTok developer portal to add video.list scope
[08:00:03] [TikTokAnalytics] No video data returned — nothing to sync
[08:00:03] [TikTokAnalytics] === Done ===
C:\Users\babso\Desktop\OTB_Pipeline\scripts\sync_tiktok_analytics.py:26: DeprecationWarning: datetime.datetime.utcnow() is deprecated and scheduled for removal in a future version. Use timezone-aware objects to represent datetimes in UTC: datetime.datetime.now(datetime.UTC).
  print(f"[{datetime.utcnow():%H:%M:%S}] [TikTokAnalytics] {msg}")
[13:37:53] [TikTokAnalytics] === TikTok analytics sync starting ===
[13:37:56] [TikTokAnalytics] 401 Unauthorized — TikTok token expired or missing video.list scope
[13:37:56] [TikTokAnalytics] Fix: re-authorise in TikTok developer portal to add video.list scope
[13:37:56] [TikTokAnalytics] No video data returned — nothing to sync
[13:37:56] [TikTokAnalytics] === Done ===
C:\Users\babso\Desktop\OTB_Pipeline\scripts\sync_tiktok_analytics.py:26: DeprecationWarning: datetime.datetime.utcnow() is deprecated and scheduled for removal in a future version. Use timezone-aware objects to represent datetimes in UTC: datetime.datetime.now(datetime.UTC).
  print(f"[{datetime.utcnow():%H:%M:%S}] [TikTokAnalytics] {msg}")
[08:00:03] [TikTokAnalytics] === TikTok analytics sync starting ===
[08:00:04] [TikTokAnalytics] 401 Unauthorized — TikTok token expired or missing video.list scope
[08:00:04] [TikTokAnalytics] Fix: re-authorise in TikTok developer portal to add video.list scope
[08:00:04] [TikTokAnalytics] No video data returned — nothing to sync
[08:00:04] [TikTokAnalytics] === Done ===
C:\Users\babso\Desktop\OTB_Pipeline\scripts\sync_tiktok_analytics.py:26: DeprecationWarning: datetime.datetime.utcnow() is deprecated and scheduled for removal in a future version. Use timezone-aware objects to represent datetimes in UTC: datetime.datetime.now(datetime.UTC).
  print(f"[{datetime.utcnow():%H:%M:%S}] [TikTokAnalytics] {msg}")
[08:00:02] [TikTokAnalytics] === TikTok analytics sync starting ===
[08:00:03] [TikTokAnalytics] 401 Unauthorized — TikTok token expired or missing video.list scope
[08:00:03] [TikTokAnalytics] Fix: re-authorise in TikTok developer portal to add video.list scope
[08:00:03] [TikTokAnalytics] No video data returned — nothing to sync
[08:00:03] [TikTokAnalytics] === Done ===
C:\Users\babso\Desktop\OTB_Pipeline\scripts\sync_tiktok_analytics.py:26: DeprecationWarning: datetime.datetime.utcnow() is deprecated and scheduled for removal in a future version. Use timezone-aware objects to represent datetimes in UTC: datetime.datetime.now(datetime.UTC).
  print(f"[{datetime.utcnow():%H:%M:%S}] [TikTokAnalytics] {msg}")
[15:58:41] [TikTokAnalytics] === TikTok analytics sync starting ===
[15:58:42] [TikTokAnalytics] 401 Unauthorized — TikTok token expired or missing video.list scope
[15:58:42] [TikTokAnalytics] Fix: re-authorise in TikTok developer portal to add video.list scope
[15:58:42] [TikTokAnalytics] No video data returned — nothing to sync
[15:58:42] [TikTokAnalytics] === Done ===
C:\Users\babso\Desktop\OTB_Pipeline\scripts\sync_tiktok_analytics.py:26: DeprecationWarning: datetime.datetime.utcnow() is deprecated and scheduled for removal in a future version. Use timezone-aware objects to represent datetimes in UTC: datetime.datetime.now(datetime.UTC).
  print(f"[{datetime.utcnow():%H:%M:%S}] [TikTokAnalytics] {msg}")
[10:37:44] [TikTokAnalytics] === TikTok analytics sync starting ===
[10:37:45] [TikTokAnalytics] 401 Unauthorized — TikTok token expired or missing video.list scope
[10:37:45] [TikTokAnalytics] Fix: re-authorise in TikTok developer portal to add video.list scope
[10:37:45] [TikTokAnalytics] No video data returned — nothing to sync
[10:37:45] [TikTokAnalytics] === Done ===
C:\Users\babso\Desktop\OTB_Pipeline\scripts\sync_tiktok_analytics.py:26: DeprecationWarning: datetime.datetime.utcnow() is deprecated and scheduled for removal in a future version. Use timezone-aware objects to represent datetimes in UTC: datetime.datetime.now(datetime.UTC).
  print(f"[{datetime.utcnow():%H:%M:%S}] [TikTokAnalytics] {msg}")
[08:00:02] [TikTokAnalytics] === TikTok analytics sync starting ===
[08:00:03] [TikTokAnalytics] 401 Unauthorized — TikTok token expired or missing video.list scope
[08:00:03] [TikTokAnalytics] Fix: re-authorise in TikTok developer portal to add video.list scope
[08:00:03] [TikTokAnalytics] No video data returned — nothing to sync
[08:00:03] [TikTokAnalytics] === Done ===
C:\Users\babso\Desktop\OTB_Pipeline\scripts\sync_tiktok_analytics.py:26: DeprecationWarning: datetime.datetime.utcnow() is deprecated and scheduled for removal in a future version. Use timezone-aware objects to represent datetimes in UTC: datetime.datetime.now(datetime.UTC).
  print(f"[{datetime.utcnow():%H:%M:%S}] [TikTokAnalytics] {msg}")
[08:03:07] [TikTokAnalytics] === TikTok analytics sync starting ===
[08:03:08] [TikTokAnalytics] 401 Unauthorized — TikTok token expired or missing video.list scope
[08:03:08] [TikTokAnalytics] Fix: re-authorise in TikTok developer portal to add video.list scope
[08:03:08] [TikTokAnalytics] No video data returned — nothing to sync
[08:03:08] [TikTokAnalytics] === Done ===
C:\Users\babso\Desktop\OTB_Pipeline\scripts\sync_tiktok_analytics.py:26: DeprecationWarning: datetime.datetime.utcnow() is deprecated and scheduled for removal in a future version. Use timezone-aware objects to represent datetimes in UTC: datetime.datetime.now(datetime.UTC).
  print(f"[{datetime.utcnow():%H:%M:%S}] [TikTokAnalytics] {msg}")
[08:01:44] [TikTokAnalytics] === TikTok analytics sync starting ===
[08:01:48] [TikTokAnalytics] 401 Unauthorized — TikTok token expired or missing video.list scope
[08:01:48] [TikTokAnalytics] Fix: re-authorise in TikTok developer portal to add video.list scope
[08:01:48] [TikTokAnalytics] No video data returned — nothing to sync
[08:01:48] [TikTokAnalytics] === Done ===
C:\Users\babso\Desktop\OTB_Pipeline\scripts\sync_tiktok_analytics.py:26: DeprecationWarning: datetime.datetime.utcnow() is deprecated and scheduled for removal in a future version. Use timezone-aware objects to represent datetimes in UTC: datetime.datetime.now(datetime.UTC).
  print(f"[{datetime.utcnow():%H:%M:%S}] [TikTokAnalytics] {msg}")
[14:44:21] [TikTokAnalytics] === TikTok analytics sync starting ===
[14:44:22] [TikTokAnalytics] 401 Unauthorized — TikTok token expired or missing video.list scope
[14:44:22] [TikTokAnalytics] Fix: re-authorise in TikTok developer portal to add video.list scope
[14:44:22] [TikTokAnalytics] No video data returned — nothing to sync
[14:44:22] [TikTokAnalytics] === Done ===
C:\Users\babso\Desktop\OTB_Pipeline\scripts\sync_tiktok_analytics.py:26: DeprecationWarning: datetime.datetime.utcnow() is deprecated and scheduled for removal in a future version. Use timezone-aware objects to represent datetimes in UTC: datetime.datetime.now(datetime.UTC).
  print(f"[{datetime.utcnow():%H:%M:%S}] [TikTokAnalytics] {msg}")
[08:00:03] [TikTokAnalytics] === TikTok analytics sync starting ===
[08:00:04] [TikTokAnalytics] 401 Unauthorized — TikTok token expired or missing video.list scope
[08:00:04] [TikTokAnalytics] Fix: re-authorise in TikTok developer portal to add video.list scope
[08:00:04] [TikTokAnalytics] No video data returned — nothing to sync
[08:00:04] [TikTokAnalytics] === Done ===
C:\Users\babso\Desktop\OTB_Pipeline\scripts\sync_tiktok_analytics.py:26: DeprecationWarning: datetime.datetime.utcnow() is deprecated and scheduled for removal in a future version. Use timezone-aware objects to represent datetimes in UTC: datetime.datetime.now(datetime.UTC).
  print(f"[{datetime.utcnow():%H:%M:%S}] [TikTokAnalytics] {msg}")
[15:39:14] [TikTokAnalytics] === TikTok analytics sync starting ===
[15:39:15] [TikTokAnalytics] 401 Unauthorized — TikTok token expired or missing video.list scope
[15:39:15] [TikTokAnalytics] Fix: re-authorise in TikTok developer portal to add video.list scope
[15:39:15] [TikTokAnalytics] No video data returned — nothing to sync
[15:39:15] [TikTokAnalytics] === Done ===
C:\Users\babso\Desktop\OTB_Pipeline\scripts\sync_tiktok_analytics.py:26: DeprecationWarning: datetime.datetime.utcnow() is deprecated and scheduled for removal in a future version. Use timezone-aware objects to represent datetimes in UTC: datetime.datetime.now(datetime.UTC).
  print(f"[{datetime.utcnow():%H:%M:%S}] [TikTokAnalytics] {msg}")
[08:00:01] [TikTokAnalytics] === TikTok analytics sync starting ===
[08:00:02] [TikTokAnalytics] 401 Unauthorized — TikTok token expired or missing video.list scope
[08:00:02] [TikTokAnalytics] Fix: re-authorise in TikTok developer portal to add video.list scope
[08:00:02] [TikTokAnalytics] No video data returned — nothing to sync
[08:00:02] [TikTokAnalytics] === Done ===
